// Jest Snapshot v1, https://goo.gl/fbAQLP

exports[`<Main /> Should render correctly 1`] = `
<main>
  <div
    className="sc-bdfBwQ kGjSLo"
  >
    Main
  </div>
</main>
`;
