// Jest Snapshot v1, https://goo.gl/fbAQLP

exports[`<ProductCard /> Should render correctly 1`] = `
<div
  className="sc-bdfBwQ bvTWIO"
>
  <img
    alt="Russell Hobbs Pennine Illuminating S Steel Kettle 20444"
    src="https://media.4rgos.it/s/Argos/9805244_R_SET?w=110&h=130"
  />
  <p>
    Russell Hobbs Pennine Illuminating S Steel Kettle 20444
    , Â£
    24.99
  </p>
  <button
    className="sc-gsTCUz fSmUuA"
    onClick={[Function]}
  >
    Add to basket
  </button>
</div>
`;
