// Jest Snapshot v1, https://goo.gl/fbAQLP

exports[`<ReviewCard /> Should render correctly 1`] = `
<div
  className="sc-bdfBwQ fvoACg"
>
  <img
    alt="Russell Hobbs Pennine Illuminating S Steel Kettle 20444"
    src="https://media.4rgos.it/s/Argos/9805244_R_SET?w=110&h=130"
  />
  <p>
    Russell Hobbs Pennine Illuminating S Steel Kettle 20444
    , £
    24.99
  </p>
  <p>
    Qty:
     
    <select
      name="qty"
      onChange={[Function]}
      value={5}
    >
      <option
        value={1}
      >
        1
      </option>
      <option
        value={2}
      >
        2
      </option>
      <option
        value={3}
      >
        3
      </option>
      <option
        value={4}
      >
        4
      </option>
      <option
        value={5}
      >
        5
      </option>
      <option
        value={6}
      >
        6
      </option>
      <option
        value={7}
      >
        7
      </option>
      <option
        value={8}
      >
        8
      </option>
      <option
        value={9}
      >
        9
      </option>
    </select>
  </p>
  <p>
    Total price: £
    124.95
  </p>
  <button
    className="sc-gsTCUz kiZIlZ"
    onClick={[Function]}
  >
    Remove from basket
  </button>
</div>
`;
